Acinonyx_jubatus
Ailuropoda_melanoleuca
Bison_bison
Bos_taurus
Canis_familiaris
Capra_sibirica
Cavia_porcellus
Ceratotherium_simum
Chinchilla_lanigera
Chlorocebus_sabaeus
Condylura_cristata
Cricetulus_griseus
Cynopterus_sphinx
Dasypus_novemcinctus
Delphinapterus_leucas
Desmodus_rotundus
Dicerorhinus_sumatrensis
Dipodomys_ordii
Eptesicus_fuscus
Equus_asinus
Equus_caballus
Erinaceus_europaeus
Eschrichtius_robustus
Felis_catus
Fukomys_damarensis
Galeopterus_variegatus
Giraffa_camelopardalis
Gorilla_gorilla
Heterocephalus_glaber
Hipposideros_armiger
Jaculus_jaculus
Macaca_mulatta
Marmota_flaviventris
Meriones_unguiculatus
Mesocricetus_auratus
Miniopterus_natalensis
Myotis_brandtii
Myotis_davidii
Nasalis_larvatus
Neophocaena_asiaeorientalis
Octodon_degus
Odocoileus_virginianus
Okapia_johnstoni
Orcinus_orca
Oryctolagus_cuniculus
Otolemur_garnettii
Ovis_aries
Pantholops_hodgsonii
Pan_troglodytes
Physeter_catodon
Pongo_abelii
Psammomys_obesus
Pteronotus_parnellii
Pteropus_alecto
Rattus_norvegicus
Rhinolophus_ferrumequinum
Rhinolophus_sinicus
Rhinopithecus_roxellana
Rousettus_aegyptiacus
Sorex_araneus
Spalax_galili
Spermophilus_tridecemlineatus
Sus_scrofa
Trachops_cirrhosus
Tursiops_aduncus
Ursus_americanus
Ursus_arctos
Ursus_maritimus
Addax_nasomaculatus
Canis_lupus
Lycaon_pictus
Panthera_leo
Panthera_onca
Phacochoerus_africanus
Zalophus_californianus
