Acinonyx_jubatus
Ailuropoda_melanoleuca
Balaenoptera_acutorostrata
Balaenoptera_musculus
Balaenoptera_ricei
Bison_bison
Bos_indicus
Bos_indicus
Bos_javanicus
Bos_mutus
Bos_taurus
Bubalus_bubalis
Bubalus_kerabau
Budorcas_taxicolor
Callorhinus_ursinus
Camelus_bactrianus
Camelus_dromedarius
Camelus_ferus
Canis_lupus
Canis_lupus
Canis_lupus
Canis_lupus
Canis_lupus
Canis_lupus
Capra_hircus
Capricornis_sumatraensis
Ceratotherium_simum
Cervus_canadensis
Cervus_elaphus
Condylura_cristata
Dama_dama
Delphinapterus_leucas
Delphinus_delphis
Diceros_bicornis
Enhydra_lutris
Equus_asinus
Equus_caballus
Equus_przewalskii
Equus_quagga
Erinaceus_europaeus
Eschrichtius_robustus
Eubalaena_glacialis
Eumetopias_jubatus
Felis_catus
Globicephala_melas
Halichoerus_grypus
Hippopotamus_amphibius
Hyaena_hyaena
Lagenorhynchus_albirostris
Lagenorhynchus_obliquidens
Leopardus_geoffroyi
Lontra_canadensis
Lutra_lutra
Lynx_canadensis
Lynx_rufus
Manis_javanica
Manis_pentadactyla
Meles_meles
Mesoplodon_densirostris
Mirounga_angustirostris
Mirounga_leonina
Monodon_monoceros
Moschus_berezovskii
Muntiacus_reevesi
Mustela_erminea
Mustela_lutreola
Mustela_nigripes
Mustela_putorius
Neofelis_nebulosa
Neogale_vison
Neomonachus_schauinslandi
Neophocaena_asiaeorientalis
Nyctereutes_procyonoides
Odobenus_rosmarus
Orcinus_orca
Oryx_dammah
Ovis_aries
Ovis_canadensis
Panthera_leo
Panthera_onca
Panthera_pardus
Panthera_tigris
Panthera_uncia
Phacochoerus_africanus
Phoca_vitulina
Phocoena_phocoena
Phocoena_sinus
Physeter_macrocephalus
Prionailurus_bengalensis
Prionailurus_viverrinus
Pseudorca_crassidens
Puma_concolor
Puma_yagouaroundi
Sorex_araneus
Sorex_fumeus
Suncus_etruscus
Suricata_suricatta
Sus_scrofa
Talpa_occidentalis
Tursiops_truncatus
Ursus_americanus
Ursus_arctos
Ursus_maritimus
Vicugna_pacos
Vulpes_lagopus
Vulpes_vulpes
Zalophus_californianus
