SAMD9L_Antechinus_flavipes_sliding:1001-2000
SAMD9L_Dasyurus_viverrinus_sliding:1001-2000
SAMD9L_Dromiciops_gliroides_sliding:1001-2000
SAMD9L_Gracilinanus_agilis_sliding:1001-2000
SAMD9L_Lagorchestes_hirsutus_sliding:1001-2000
SAMD9L_Macropus_fuliginosus_sliding:1001-2000
SAMD9L_Macropus_giganteus_sliding:1001-2000
SAMD9L_Macrotis_lagotis_sliding:1001-2000
SAMD9L_Monodelphis_domestica_sliding:1001-2000
SAMD9L_Myrmecobius_fasciatus_sliding:1001-2000
SAMD9L_Notamacropus_eugenii_sliding:1001-2000
SAMD9L_Phalanger_gymnotis_sliding:1001-2000
SAMD9L_Potorous_gilbertii_sliding:1001-2000
SAMD9L_Pseudocheirus_occidentalis_sliding:1001-2000
SAMD9L_Pseudochirops_corinnae_sliding:1001-2000
SAMD9L_Pseudochirops_cupreus_sliding:1001-2000
SAMD9L_Sarcophilus_harrisii_sliding:1001-2000
SAMD9L_Sminthopsis_crassicaudata_sliding:1001-2000
SAMD9L_Thylacinus_cynocephalus_sliding:1001-2000
SAMD9L_Trichosurus_vulpecula_sliding:1001-2000
SAMD9L_Vombatus_ursinus_sliding:1001-2000
SAMD9_Antechinus_flavipes_sliding:1001-2000
SAMD9_Dasyurus_viverrinus_sliding:1001-2000
SAMD9_Dromiciops_gliroides_sliding:1001-2000
SAMD9_Gracilinanus_agilis_sliding:1001-2000
SAMD9_Lagorchestes_hirsutus_sliding:1001-2000
SAMD9_Macropus_fuliginosus_sliding:1001-2000
SAMD9_Macropus_giganteus_sliding:1001-2000
SAMD9_Macrotis_lagotis_sliding:1001-2000
SAMD9_Monodelphis_domestica_sliding:1001-2000
SAMD9_Myrmecobius_fasciatus_sliding:1001-2000
SAMD9_Notamacropus_eugenii_sliding:1001-2000
SAMD9_Phalanger_gymnotis_sliding:1001-2000
SAMD9_Potorous_gilbertii_sliding:1001-2000
SAMD9_Pseudocheirus_occidentalis_sliding:1001-2000
SAMD9_Pseudochirops_corinnae_sliding:1001-2000
SAMD9_Pseudochirops_cupreus_sliding:1001-2000
SAMD9_Sarcophilus_harrisii_sliding:1001-2000
SAMD9_Sminthopsis_crassicaudata_sliding:1001-2000
SAMD9_Thylacinus_cynocephalus_sliding:1001-2000
SAMD9_Trichosurus_vulpecula_sliding:1001-2000
SAMD9_Vombatus_ursinus_sliding:1001-2000
